0:0:0:0:0:0:0:1 - - [15/Sep/2019:08:57:29 +0800] "GET /maven_LYW HTTP/1.1" 302 - http-bio-8080-exec-2 0
0:0:0:0:0:0:0:1 - - [15/Sep/2019:08:57:29 +0800] "GET /maven_LYW/ HTTP/1.1" 200 19077 http-bio-8080-exec-3 24
0:0:0:0:0:0:0:1 - - [15/Sep/2019:08:57:29 +0800] "GET /maven_LYW/js/bootstrap.min.js HTTP/1.1" 200 37045 http-bio-8080-exec-1 6
0:0:0:0:0:0:0:1 - - [15/Sep/2019:08:57:29 +0800] "GET /maven_LYW/js/jquery-3.3.1.js HTTP/1.1" 200 282115 http-bio-8080-exec-5 7
0:0:0:0:0:0:0:1 - - [15/Sep/2019:08:57:29 +0800] "GET /maven_LYW/css/common.css HTTP/1.1" 200 4811 http-bio-8080-exec-9 2
0:0:0:0:0:0:0:1 - - [15/Sep/2019:08:57:29 +0800] "GET /maven_LYW/css/index.css HTTP/1.1" 200 2406 http-bio-8080-exec-6 19
0:0:0:0:0:0:0:1 - - [15/Sep/2019:08:57:29 +0800] "GET /maven_LYW/js/include.js HTTP/1.1" 200 192 http-bio-8080-exec-6 1
0:0:0:0:0:0:0:1 - - [15/Sep/2019:08:57:29 +0800] "GET /maven_LYW/images/banner_3.jpg HTTP/1.1" 200 412826 http-bio-8080-exec-7 59
0:0:0:0:0:0:0:1 - - [15/Sep/2019:08:57:29 +0800] "GET /maven_LYW/images/icon_7.jpg HTTP/1.1" 200 2668 http-bio-8080-exec-6 43
0:0:0:0:0:0:0:1 - - [15/Sep/2019:08:57:29 +0800] "GET /maven_LYW/images/banner_2.jpg HTTP/1.1" 200 479985 http-bio-8080-exec-8 81
0:0:0:0:0:0:0:1 - - [15/Sep/2019:08:57:29 +0800] "GET /maven_LYW/images/jiangxuan_1.jpg HTTP/1.1" 200 44779 http-bio-8080-exec-9 91
0:0:0:0:0:0:0:1 - - [15/Sep/2019:08:57:29 +0800] "GET /maven_LYW/images/icon_5.jpg HTTP/1.1" 200 2471 http-bio-8080-exec-7 39
0:0:0:0:0:0:0:1 - - [15/Sep/2019:08:57:29 +0800] "GET /maven_LYW/images/icon_6.jpg HTTP/1.1" 200 2986 http-bio-8080-exec-7 16
0:0:0:0:0:0:0:1 - - [15/Sep/2019:08:57:30 +0800] "GET /maven_LYW/images/guonei_1.jpg HTTP/1.1" 200 169953 http-bio-8080-exec-10 121
0:0:0:0:0:0:0:1 - - [15/Sep/2019:08:57:30 +0800] "GET /maven_LYW/images/jiangwai_1.jpg HTTP/1.1" 200 143051 http-bio-8080-exec-6 75
0:0:0:0:0:0:0:1 - - [15/Sep/2019:08:57:30 +0800] "GET /maven_LYW/images/jiangxuan_2.jpg HTTP/1.1" 200 41113 http-bio-8080-exec-7 35
0:0:0:0:0:0:0:1 - - [15/Sep/2019:08:57:30 +0800] "GET /maven_LYW/images/banner_1.jpg HTTP/1.1" 200 468704 http-bio-8080-exec-8 84
0:0:0:0:0:0:0:1 - - [15/Sep/2019:08:57:30 +0800] "GET /maven_LYW/images/jiangxuan_4.jpg HTTP/1.1" 200 32906 http-bio-8080-exec-9 84
0:0:0:0:0:0:0:1 - - [15/Sep/2019:08:57:30 +0800] "GET /maven_LYW/css/bootstrap.min.css HTTP/1.1" 200 121070 http-bio-8080-exec-4 207
0:0:0:0:0:0:0:1 - - [15/Sep/2019:08:57:30 +0800] "GET /maven_LYW/fonts/glyphicons-halflings-regular.woff2 HTTP/1.1" 200 18028 http-bio-8080-exec-4 23
0:0:0:0:0:0:0:1 - - [15/Sep/2019:08:57:30 +0800] "GET /maven_LYW/header.html HTTP/1.1" 200 2364 http-bio-8080-exec-4 3
0:0:0:0:0:0:0:1 - - [15/Sep/2019:08:57:30 +0800] "GET /maven_LYW/footer.html HTTP/1.1" 200 1479 http-bio-8080-exec-9 1
0:0:0:0:0:0:0:1 - - [15/Sep/2019:08:57:30 +0800] "GET /maven_LYW/images/0.jpg HTTP/1.1" 200 28053 http-bio-8080-exec-9 4
0:0:0:0:0:0:0:1 - - [15/Sep/2019:08:57:30 +0800] "GET /maven_LYW/images/hot_tel.jpg HTTP/1.1" 200 3024 http-bio-8080-exec-4 2
0:0:0:0:0:0:0:1 - - [15/Sep/2019:08:57:30 +0800] "GET /maven_LYW/images/icon_3.jpg HTTP/1.1" 200 4986 http-bio-8080-exec-1 1
0:0:0:0:0:0:0:1 - - [15/Sep/2019:08:57:30 +0800] "GET /maven_LYW/images/icon_4.jpg HTTP/1.1" 200 4624 http-bio-8080-exec-7 2
0:0:0:0:0:0:0:1 - - [15/Sep/2019:08:57:30 +0800] "GET /maven_LYW/images/icon_2.jpg HTTP/1.1" 200 4791 http-bio-8080-exec-8 2
0:0:0:0:0:0:0:1 - - [15/Sep/2019:08:57:30 +0800] "GET /maven_LYW/images/icon_1.jpg HTTP/1.1" 200 5113 http-bio-8080-exec-1 2
0:0:0:0:0:0:0:1 - - [15/Sep/2019:08:57:30 +0800] "GET /maven_LYW/images/top_banner.jpg HTTP/1.1" 200 44969 http-bio-8080-exec-8 2
0:0:0:0:0:0:0:1 - - [15/Sep/2019:08:57:31 +0800] "GET /maven_LYW/register.html HTTP/1.1" 200 6913 http-bio-8080-exec-4 1
0:0:0:0:0:0:0:1 - - [15/Sep/2019:08:57:31 +0800] "GET /maven_LYW/css/register.css HTTP/1.1" 200 1982 http-bio-8080-exec-1 2
0:0:0:0:0:0:0:1 - - [15/Sep/2019:08:57:31 +0800] "GET /maven_LYW/images/register_bg.png HTTP/1.1" 200 1071395 http-bio-8080-exec-1 8
0:0:0:0:0:0:0:1 - - [15/Sep/2019:08:57:33 +0800] "GET /maven_LYW/checkCode HTTP/1.1" 200 362 http-bio-8080-exec-4 2008
0:0:0:0:0:0:0:1 - - [15/Sep/2019:08:57:57 +0800] "POST /maven_LYW/zCServlet HTTP/1.1" 200 61 http-bio-8080-exec-4 172
0:0:0:0:0:0:0:1 - - [15/Sep/2019:08:57:57 +0800] "GET /maven_LYW/checkCode?1568509077395 HTTP/1.1" 200 395 http-bio-8080-exec-4 5
0:0:0:0:0:0:0:1 - - [15/Sep/2019:08:58:04 +0800] "POST /maven_LYW/zCServlet HTTP/1.1" 200 41 http-bio-8080-exec-4 2478
192.168.30.1 - - [15/Sep/2019:08:58:05 +0800] "GET /maven_LYW/register_ok.html HTTP/1.1" 200 856 http-bio-8080-exec-8 31
192.168.30.1 - - [15/Sep/2019:08:58:05 +0800] "GET /maven_LYW/js/jquery-3.3.1.js HTTP/1.1" 200 282115 http-bio-8080-exec-8 2
192.168.30.1 - - [15/Sep/2019:08:58:05 +0800] "GET /maven_LYW/css/register.css HTTP/1.1" 200 1982 http-bio-8080-exec-5 3
192.168.30.1 - - [15/Sep/2019:08:58:05 +0800] "GET /maven_LYW/css/common.css HTTP/1.1" 200 4811 http-bio-8080-exec-2 3
192.168.30.1 - - [15/Sep/2019:08:58:05 +0800] "GET /maven_LYW/js/include.js HTTP/1.1" 200 192 http-bio-8080-exec-11 2
192.168.30.1 - - [15/Sep/2019:08:58:05 +0800] "GET /maven_LYW/header.html HTTP/1.1" 200 2364 http-bio-8080-exec-14 1
192.168.30.1 - - [15/Sep/2019:08:58:05 +0800] "GET /maven_LYW/footer.html HTTP/1.1" 200 1479 http-bio-8080-exec-13 2
192.168.30.1 - - [15/Sep/2019:08:58:05 +0800] "GET /maven_LYW/images/hot_tel.jpg HTTP/1.1" 200 3024 http-bio-8080-exec-3 3
192.168.30.1 - - [15/Sep/2019:08:58:05 +0800] "GET /maven_LYW/images/0.jpg HTTP/1.1" 200 28053 http-bio-8080-exec-14 5
192.168.30.1 - - [15/Sep/2019:08:58:05 +0800] "GET /maven_LYW/images/icon_4.jpg HTTP/1.1" 200 4624 http-bio-8080-exec-14 1
192.168.30.1 - - [15/Sep/2019:08:58:05 +0800] "GET /maven_LYW/images/icon_1.jpg HTTP/1.1" 200 5113 http-bio-8080-exec-12 2
192.168.30.1 - - [15/Sep/2019:08:58:05 +0800] "GET /maven_LYW/images/icon_3.jpg HTTP/1.1" 200 4986 http-bio-8080-exec-3 2
192.168.30.1 - - [15/Sep/2019:08:58:05 +0800] "GET /maven_LYW/images/top_banner.jpg HTTP/1.1" 200 44969 http-bio-8080-exec-13 10
192.168.30.1 - - [15/Sep/2019:08:58:05 +0800] "GET /maven_LYW/images/icon_2.jpg HTTP/1.1" 200 4791 http-bio-8080-exec-14 1
192.168.30.1 - - [15/Sep/2019:08:58:16 +0800] "GET /maven_LYW/jiHuoServlet?code=22c812d7896142c79216eb4960a73dcb HTTP/1.1" 200 81 http-bio-8080-exec-11 64
192.168.30.1 - - [15/Sep/2019:08:58:18 +0800] "GET /maven_LYW/login.html HTTP/1.1" 200 2899 http-bio-8080-exec-8 1
192.168.30.1 - - [15/Sep/2019:08:58:18 +0800] "GET /maven_LYW/images/login_logo.png HTTP/1.1" 200 1267 http-bio-8080-exec-8 2
192.168.30.1 - - [15/Sep/2019:08:58:18 +0800] "GET /maven_LYW/css/login.css HTTP/1.1" 200 2099 http-bio-8080-exec-11 10
192.168.30.1 - - [15/Sep/2019:08:58:18 +0800] "GET /maven_LYW/js/jquery-1.11.0.min.js HTTP/1.1" 200 96383 http-bio-8080-exec-5 3
192.168.30.1 - - [15/Sep/2019:08:58:18 +0800] "GET /maven_LYW/js/bootstrap.min.js HTTP/1.1" 200 37045 http-bio-8080-exec-17 6
192.168.30.1 - - [15/Sep/2019:08:58:18 +0800] "GET /maven_LYW/js/angular.min.js HTTP/1.1" 404 1005 http-bio-8080-exec-15 7
0:0:0:0:0:0:0:1 - - [15/Sep/2019:08:58:18 +0800] "GET /maven_LYW/checkCode HTTP/1.1" 200 368 http-bio-8080-exec-11 15
192.168.30.1 - - [15/Sep/2019:08:58:18 +0800] "GET /maven_LYW/images/login_bg.png HTTP/1.1" 200 570611 http-bio-8080-exec-21 7
0:0:0:0:0:0:0:1 - - [15/Sep/2019:08:58:34 +0800] "GET /maven_LYW HTTP/1.1" 302 - http-bio-8080-exec-15 0
0:0:0:0:0:0:0:1 - - [15/Sep/2019:08:58:36 +0800] "GET /maven_LYW/register.html HTTP/1.1" 304 - http-bio-8080-exec-9 68
0:0:0:0:0:0:0:1 - - [15/Sep/2019:08:58:36 +0800] "GET /maven_LYW/checkCode HTTP/1.1" 200 370 http-bio-8080-exec-9 6
0:0:0:0:0:0:0:1 - - [15/Sep/2019:08:58:39 +0800] "GET /maven_LYW/login.html HTTP/1.1" 200 2899 http-bio-8080-exec-9 1
0:0:0:0:0:0:0:1 - - [15/Sep/2019:08:58:39 +0800] "GET /maven_LYW/js/angular.min.js HTTP/1.1" 404 1005 http-bio-8080-exec-9 3
0:0:0:0:0:0:0:1 - - [15/Sep/2019:08:58:39 +0800] "GET /maven_LYW/images/login_logo.png HTTP/1.1" 200 1267 http-bio-8080-exec-4 2
0:0:0:0:0:0:0:1 - - [15/Sep/2019:08:58:39 +0800] "GET /maven_LYW/css/login.css HTTP/1.1" 200 2099 http-bio-8080-exec-17 3
0:0:0:0:0:0:0:1 - - [15/Sep/2019:08:58:39 +0800] "GET /maven_LYW/js/jquery-1.11.0.min.js HTTP/1.1" 200 96383 http-bio-8080-exec-9 2
0:0:0:0:0:0:0:1 - - [15/Sep/2019:08:58:39 +0800] "GET /maven_LYW/checkCode HTTP/1.1" 200 402 http-bio-8080-exec-8 13
0:0:0:0:0:0:0:1 - - [15/Sep/2019:08:58:39 +0800] "GET /maven_LYW/images/login_bg.png HTTP/1.1" 200 570611 http-bio-8080-exec-8 7
0:0:0:0:0:0:0:1 - - [15/Sep/2019:08:58:41 +0800] "GET /maven_LYW/checkCode HTTP/1.1" 200 382 http-bio-8080-exec-8 8
127.0.0.1 - - [15/Sep/2019:08:59:23 +0800] "GET /maven_LYW/checkCode HTTP/1.1" 200 411 http-bio-8080-exec-5 24
0:0:0:0:0:0:0:1 - - [15/Sep/2019:09:20:40 +0800] "GET /maven_LYW HTTP/1.1" 302 - http-bio-8080-exec-1 0
0:0:0:0:0:0:0:1 - - [15/Sep/2019:09:20:43 +0800] "GET /maven_LYW/login.html HTTP/1.1" 200 3356 http-bio-8080-exec-2 11
0:0:0:0:0:0:0:1 - - [15/Sep/2019:09:20:43 +0800] "GET /maven_LYW/js/angular.min.js HTTP/1.1" 404 1005 http-bio-8080-exec-3 5
0:0:0:0:0:0:0:1 - - [15/Sep/2019:09:20:43 +0800] "GET /maven_LYW/checkCode HTTP/1.1" 200 403 http-bio-8080-exec-4 407
0:0:0:0:0:0:0:1 - - [15/Sep/2019:09:21:02 +0800] "GET /maven_LYW/css/common.css HTTP/1.1" 200 4811 http-bio-8080-exec-5 3
0:0:0:0:0:0:0:1 - - [15/Sep/2019:09:21:02 +0800] "GET /maven_LYW/css/login.css HTTP/1.1" 200 2099 http-bio-8080-exec-6 7
0:0:0:0:0:0:0:1 - - [15/Sep/2019:09:21:02 +0800] "GET /maven_LYW/css/common.css HTTP/1.1" 200 4811 http-bio-8080-exec-8 0
0:0:0:0:0:0:0:1 - - [15/Sep/2019:09:21:02 +0800] "GET /maven_LYW/css/login.css HTTP/1.1" 200 2099 http-bio-8080-exec-9 1
0:0:0:0:0:0:0:1 - - [15/Sep/2019:09:22:07 +0800] "GET /maven_LYW/login.html HTTP/1.1" 200 3309 http-bio-8080-exec-1 3
0:0:0:0:0:0:0:1 - - [15/Sep/2019:09:22:07 +0800] "GET /maven_LYW/images/login_logo.png HTTP/1.1" 200 1267 http-bio-8080-exec-3 4
0:0:0:0:0:0:0:1 - - [15/Sep/2019:09:22:07 +0800] "GET /maven_LYW/css/common.css HTTP/1.1" 200 4811 http-bio-8080-exec-1 4
0:0:0:0:0:0:0:1 - - [15/Sep/2019:09:22:07 +0800] "GET /maven_LYW/js/bootstrap.min.js HTTP/1.1" 200 37045 http-bio-8080-exec-1 3
0:0:0:0:0:0:0:1 - - [15/Sep/2019:09:22:07 +0800] "GET /maven_LYW/js/jquery-3.3.1.js HTTP/1.1" 200 282115 http-bio-8080-exec-8 8
0:0:0:0:0:0:0:1 - - [15/Sep/2019:09:22:07 +0800] "GET /maven_LYW/css/login.css HTTP/1.1" 200 2099 http-bio-8080-exec-6 9
0:0:0:0:0:0:0:1 - - [15/Sep/2019:09:22:07 +0800] "GET /maven_LYW/js/jquery-1.11.0.min.js HTTP/1.1" 200 96383 http-bio-8080-exec-5 17
0:0:0:0:0:0:0:1 - - [15/Sep/2019:09:22:07 +0800] "GET /maven_LYW/js/include.js HTTP/1.1" 200 192 http-bio-8080-exec-7 6
0:0:0:0:0:0:0:1 - - [15/Sep/2019:09:22:07 +0800] "GET /maven_LYW/checkCode HTTP/1.1" 200 381 http-bio-8080-exec-4 36
0:0:0:0:0:0:0:1 - - [15/Sep/2019:09:22:07 +0800] "GET /maven_LYW/css/common.css HTTP/1.1" 200 4811 http-bio-8080-exec-9 1
0:0:0:0:0:0:0:1 - - [15/Sep/2019:09:22:07 +0800] "GET /maven_LYW/css/common.css HTTP/1.1" 200 4811 http-bio-8080-exec-7 1
0:0:0:0:0:0:0:1 - - [15/Sep/2019:09:22:07 +0800] "GET /maven_LYW/css/login.css HTTP/1.1" 200 2099 http-bio-8080-exec-5 2
0:0:0:0:0:0:0:1 - - [15/Sep/2019:09:22:07 +0800] "GET /maven_LYW/css/login.css HTTP/1.1" 200 2099 http-bio-8080-exec-9 1
0:0:0:0:0:0:0:1 - - [15/Sep/2019:09:22:07 +0800] "GET /maven_LYW/header.html HTTP/1.1" 200 2364 http-bio-8080-exec-9 2
0:0:0:0:0:0:0:1 - - [15/Sep/2019:09:22:07 +0800] "GET /maven_LYW/footer.html HTTP/1.1" 200 1479 http-bio-8080-exec-3 2
0:0:0:0:0:0:0:1 - - [15/Sep/2019:09:22:07 +0800] "GET /maven_LYW/images/top_banner.jpg HTTP/1.1" 200 44969 http-bio-8080-exec-6 3
0:0:0:0:0:0:0:1 - - [15/Sep/2019:09:22:07 +0800] "GET /maven_LYW/images/hot_tel.jpg HTTP/1.1" 200 3024 http-bio-8080-exec-3 3
0:0:0:0:0:0:0:1 - - [15/Sep/2019:09:22:07 +0800] "GET /maven_LYW/images/0.jpg HTTP/1.1" 200 28053 http-bio-8080-exec-9 3
0:0:0:0:0:0:0:1 - - [15/Sep/2019:09:22:07 +0800] "GET /maven_LYW/images/icon_1.jpg HTTP/1.1" 200 5113 http-bio-8080-exec-1 2
0:0:0:0:0:0:0:1 - - [15/Sep/2019:09:22:07 +0800] "GET /maven_LYW/images/icon_4.jpg HTTP/1.1" 200 4624 http-bio-8080-exec-8 8
0:0:0:0:0:0:0:1 - - [15/Sep/2019:09:22:07 +0800] "GET /maven_LYW/images/icon_3.jpg HTTP/1.1" 200 4986 http-bio-8080-exec-9 2
0:0:0:0:0:0:0:1 - - [15/Sep/2019:09:22:07 +0800] "GET /maven_LYW/images/icon_2.jpg HTTP/1.1" 200 4791 http-bio-8080-exec-2 7
0:0:0:0:0:0:0:1 - - [15/Sep/2019:09:22:25 +0800] "GET /maven_LYW/css/common.css HTTP/1.1" 200 4811 http-bio-8080-exec-4 4
0:0:0:0:0:0:0:1 - - [15/Sep/2019:09:22:25 +0800] "GET /maven_LYW/css/common.css HTTP/1.1" 200 4811 http-bio-8080-exec-10 2
0:0:0:0:0:0:0:1 - - [15/Sep/2019:09:22:25 +0800] "GET /maven_LYW/css/login.css HTTP/1.1" 200 2099 http-bio-8080-exec-1 0
0:0:0:0:0:0:0:1 - - [15/Sep/2019:09:22:25 +0800] "GET /maven_LYW/css/login.css HTTP/1.1" 200 2099 http-bio-8080-exec-7 10
0:0:0:0:0:0:0:1 - - [15/Sep/2019:09:22:30 +0800] "GET /maven_LYW/css/common.css HTTP/1.1" 200 4811 http-bio-8080-exec-1 1
0:0:0:0:0:0:0:1 - - [15/Sep/2019:09:22:30 +0800] "GET /maven_LYW/css/login.css HTTP/1.1" 200 2099 http-bio-8080-exec-10 1
0:0:0:0:0:0:0:1 - - [15/Sep/2019:09:22:30 +0800] "GET /maven_LYW/css/common.css HTTP/1.1" 200 4811 http-bio-8080-exec-8 1
0:0:0:0:0:0:0:1 - - [15/Sep/2019:09:22:30 +0800] "GET /maven_LYW/css/login.css HTTP/1.1" 200 2099 http-bio-8080-exec-1 1
0:0:0:0:0:0:0:1 - - [15/Sep/2019:09:22:40 +0800] "GET /maven_LYW HTTP/1.1" 302 - http-bio-8080-exec-6 0
0:0:0:0:0:0:0:1 - - [15/Sep/2019:09:22:40 +0800] "GET /maven_LYW/images/icon_3.jpg HTTP/1.1" 200 4986 http-bio-8080-exec-6 3
0:0:0:0:0:0:0:1 - - [15/Sep/2019:09:22:40 +0800] "GET /maven_LYW/images/icon_4.jpg HTTP/1.1" 200 4624 http-bio-8080-exec-3 3
0:0:0:0:0:0:0:1 - - [15/Sep/2019:09:22:40 +0800] "GET /maven_LYW/images/icon_1.jpg HTTP/1.1" 200 5113 http-bio-8080-exec-2 3
0:0:0:0:0:0:0:1 - - [15/Sep/2019:09:22:40 +0800] "GET /maven_LYW/images/hot_tel.jpg HTTP/1.1" 200 3024 http-bio-8080-exec-3 1
0:0:0:0:0:0:0:1 - - [15/Sep/2019:09:22:40 +0800] "GET /maven_LYW/images/0.jpg HTTP/1.1" 200 28053 http-bio-8080-exec-1 4
0:0:0:0:0:0:0:1 - - [15/Sep/2019:09:22:40 +0800] "GET /maven_LYW/images/icon_2.jpg HTTP/1.1" 200 4791 http-bio-8080-exec-4 5
0:0:0:0:0:0:0:1 - - [15/Sep/2019:09:22:40 +0800] "GET /maven_LYW/images/top_banner.jpg HTTP/1.1" 200 44969 http-bio-8080-exec-1 2
0:0:0:0:0:0:0:1 - - [15/Sep/2019:09:22:41 +0800] "GET /maven_LYW/login.html HTTP/1.1" 304 - http-bio-8080-exec-1 2
0:0:0:0:0:0:0:1 - - [15/Sep/2019:09:22:41 +0800] "GET /maven_LYW/images/login_logo.png HTTP/1.1" 200 1267 http-bio-8080-exec-1 2
0:0:0:0:0:0:0:1 - - [15/Sep/2019:09:22:41 +0800] "GET /maven_LYW/checkCode HTTP/1.1" 200 362 http-bio-8080-exec-4 11
0:0:0:0:0:0:0:1 - - [15/Sep/2019:09:22:41 +0800] "GET /maven_LYW/images/login_bg.png HTTP/1.1" 200 570611 http-bio-8080-exec-4 7
0:0:0:0:0:0:0:1 - - [15/Sep/2019:09:22:57 +0800] "GET /maven_LYW/css/login.css HTTP/1.1" 200 2099 http-bio-8080-exec-4 3
0:0:0:0:0:0:0:1 - - [15/Sep/2019:09:22:57 +0800] "GET /maven_LYW/css/common.css HTTP/1.1" 200 4811 http-bio-8080-exec-1 2
0:0:0:0:0:0:0:1 - - [15/Sep/2019:09:22:58 +0800] "GET /maven_LYW/css/login.css HTTP/1.1" 200 2099 http-bio-8080-exec-4 0
0:0:0:0:0:0:0:1 - - [15/Sep/2019:09:22:58 +0800] "GET /maven_LYW/css/common.css HTTP/1.1" 200 4811 http-bio-8080-exec-1 0
0:0:0:0:0:0:0:1 - - [15/Sep/2019:09:24:12 +0800] "GET /maven_LYW HTTP/1.1" 302 - http-bio-8080-exec-9 0
0:0:0:0:0:0:0:1 - - [15/Sep/2019:09:24:14 +0800] "GET /maven_LYW/login.html HTTP/1.1" 200 3317 http-bio-8080-exec-9 1
0:0:0:0:0:0:0:1 - - [15/Sep/2019:09:24:14 +0800] "GET /maven_LYW/checkCode HTTP/1.1" 200 391 http-bio-8080-exec-9 14
0:0:0:0:0:0:0:1 - - [15/Sep/2019:09:24:28 +0800] "GET /maven_LYW/login.html HTTP/1.1" 200 3321 http-bio-8080-exec-9 3
0:0:0:0:0:0:0:1 - - [15/Sep/2019:09:24:28 +0800] "GET /maven_LYW/css/login.css HTTP/1.1" 304 - http-bio-8080-exec-9 4
0:0:0:0:0:0:0:1 - - [15/Sep/2019:09:24:28 +0800] "GET /maven_LYW/css/common.css HTTP/1.1" 304 - http-bio-8080-exec-3 4
0:0:0:0:0:0:0:1 - - [15/Sep/2019:09:24:28 +0800] "GET /maven_LYW/js/jquery-3.3.1.js HTTP/1.1" 304 - http-bio-8080-exec-3 1
0:0:0:0:0:0:0:1 - - [15/Sep/2019:09:24:28 +0800] "GET /maven_LYW/js/include.js HTTP/1.1" 304 - http-bio-8080-exec-2 5
0:0:0:0:0:0:0:1 - - [15/Sep/2019:09:24:28 +0800] "GET /maven_LYW/js/jquery-1.11.0.min.js HTTP/1.1" 304 - http-bio-8080-exec-9 3
0:0:0:0:0:0:0:1 - - [15/Sep/2019:09:24:28 +0800] "GET /maven_LYW/images/login_logo.png HTTP/1.1" 304 - http-bio-8080-exec-5 2
0:0:0:0:0:0:0:1 - - [15/Sep/2019:09:24:28 +0800] "GET /maven_LYW/js/bootstrap.min.js HTTP/1.1" 304 - http-bio-8080-exec-4 3
0:0:0:0:0:0:0:1 - - [15/Sep/2019:09:24:28 +0800] "GET /maven_LYW/checkCode HTTP/1.1" 200 381 http-bio-8080-exec-1 25
0:0:0:0:0:0:0:1 - - [15/Sep/2019:09:24:28 +0800] "GET /maven_LYW/header.html HTTP/1.1" 304 - http-bio-8080-exec-1 2
0:0:0:0:0:0:0:1 - - [15/Sep/2019:09:24:28 +0800] "GET /maven_LYW/footer.html HTTP/1.1" 304 - http-bio-8080-exec-4 2
0:0:0:0:0:0:0:1 - - [15/Sep/2019:09:24:28 +0800] "GET /maven_LYW/images/login_bg.png HTTP/1.1" 304 - http-bio-8080-exec-9 3
0:0:0:0:0:0:0:1 - - [15/Sep/2019:09:24:28 +0800] "GET /maven_LYW/images/0.jpg HTTP/1.1" 304 - http-bio-8080-exec-9 1
0:0:0:0:0:0:0:1 - - [15/Sep/2019:09:24:28 +0800] "GET /maven_LYW/images/hot_tel.jpg HTTP/1.1" 304 - http-bio-8080-exec-1 1
0:0:0:0:0:0:0:1 - - [15/Sep/2019:09:24:28 +0800] "GET /maven_LYW/images/top_banner.jpg HTTP/1.1" 304 - http-bio-8080-exec-4 2
0:0:0:0:0:0:0:1 - - [15/Sep/2019:09:24:28 +0800] "GET /maven_LYW/images/icon_2.jpg HTTP/1.1" 304 - http-bio-8080-exec-2 3
0:0:0:0:0:0:0:1 - - [15/Sep/2019:09:24:28 +0800] "GET /maven_LYW/images/icon_1.jpg HTTP/1.1" 304 - http-bio-8080-exec-7 3
0:0:0:0:0:0:0:1 - - [15/Sep/2019:09:24:28 +0800] "GET /maven_LYW/images/icon_3.jpg HTTP/1.1" 304 - http-bio-8080-exec-8 3
0:0:0:0:0:0:0:1 - - [15/Sep/2019:09:24:28 +0800] "GET /maven_LYW/images/icon_4.jpg HTTP/1.1" 304 - http-bio-8080-exec-1 1
0:0:0:0:0:0:0:1 - - [15/Sep/2019:09:24:39 +0800] "POST /maven_LYW/loginServlet HTTP/1.1" 200 61 http-bio-8080-exec-1 150
0:0:0:0:0:0:0:1 - - [15/Sep/2019:09:24:39 +0800] "GET /maven_LYW/checkCode?1568510679162 HTTP/1.1" 200 395 http-bio-8080-exec-1 5
0:0:0:0:0:0:0:1 - - [15/Sep/2019:09:25:17 +0800] "POST /maven_LYW/loginServlet HTTP/1.1" 200 41 http-bio-8080-exec-1 78
0:0:0:0:0:0:0:1 - - [15/Sep/2019:09:25:17 +0800] "GET /maven_LYW/192.168.30.1:8080/maven_LYW/index.html HTTP/1.1" 404 1047 http-bio-8080-exec-1 0
192.168.30.1 - - [15/Sep/2019:09:25:51 +0800] "GET /maven_LYW/index.html HTTP/1.1" 200 19077 http-bio-8080-exec-3 6
192.168.30.1 - - [15/Sep/2019:09:25:51 +0800] "GET /maven_LYW/css/index.css HTTP/1.1" 200 2406 http-bio-8080-exec-3 2
192.168.30.1 - - [15/Sep/2019:09:25:51 +0800] "GET /maven_LYW/css/bootstrap.min.css HTTP/1.1" 200 121070 http-bio-8080-exec-10 3
192.168.30.1 - - [15/Sep/2019:09:25:51 +0800] "GET /maven_LYW/images/icon_7.jpg HTTP/1.1" 200 2668 http-bio-8080-exec-3 3
192.168.30.1 - - [15/Sep/2019:09:25:51 +0800] "GET /maven_LYW/images/guonei_1.jpg HTTP/1.1" 200 169953 http-bio-8080-exec-10 2
192.168.30.1 - - [15/Sep/2019:09:25:51 +0800] "GET /maven_LYW/images/banner_1.jpg HTTP/1.1" 200 468704 http-bio-8080-exec-3 5
192.168.30.1 - - [15/Sep/2019:09:25:51 +0800] "GET /maven_LYW/images/banner_2.jpg HTTP/1.1" 200 479985 http-bio-8080-exec-10 7
192.168.30.1 - - [15/Sep/2019:09:25:51 +0800] "GET /maven_LYW/images/jiangxuan_1.jpg HTTP/1.1" 200 44779 http-bio-8080-exec-6 2
192.168.30.1 - - [15/Sep/2019:09:25:51 +0800] "GET /maven_LYW/images/jiangxuan_4.jpg HTTP/1.1" 200 32906 http-bio-8080-exec-5 2
192.168.30.1 - - [15/Sep/2019:09:25:51 +0800] "GET /maven_LYW/images/jiangxuan_2.jpg HTTP/1.1" 200 41113 http-bio-8080-exec-2 5
192.168.30.1 - - [15/Sep/2019:09:25:51 +0800] "GET /maven_LYW/images/icon_6.jpg HTTP/1.1" 200 2986 http-bio-8080-exec-10 3
192.168.30.1 - - [15/Sep/2019:09:25:51 +0800] "GET /maven_LYW/images/jiangwai_1.jpg HTTP/1.1" 200 143051 http-bio-8080-exec-3 2
192.168.30.1 - - [15/Sep/2019:09:25:51 +0800] "GET /maven_LYW/images/banner_3.jpg HTTP/1.1" 200 412826 http-bio-8080-exec-8 19
192.168.30.1 - - [15/Sep/2019:09:25:51 +0800] "GET /maven_LYW/images/icon_5.jpg HTTP/1.1" 200 2471 http-bio-8080-exec-6 22
192.168.30.1 - - [15/Sep/2019:09:25:51 +0800] "GET /maven_LYW/fonts/glyphicons-halflings-regular.woff2 HTTP/1.1" 200 18028 http-bio-8080-exec-6 2
0:0:0:0:0:0:0:1 - - [15/Sep/2019:09:25:55 +0800] "GET /maven_LYW/192.168.30.1:8080/maven_LYW/index.html HTTP/1.1" 404 1047 http-bio-8080-exec-1 1
0:0:0:0:0:0:0:1 - - [15/Sep/2019:09:26:05 +0800] "GET /maven_LYW HTTP/1.1" 302 - http-bio-8080-exec-9 0
0:0:0:0:0:0:0:1 - - [15/Sep/2019:09:26:07 +0800] "GET /maven_LYW/login.html HTTP/1.1" 200 3323 http-bio-8080-exec-9 4
0:0:0:0:0:0:0:1 - - [15/Sep/2019:09:26:07 +0800] "GET /maven_LYW/checkCode HTTP/1.1" 200 366 http-bio-8080-exec-9 7
0:0:0:0:0:0:0:1 - - [15/Sep/2019:09:26:32 +0800] "POST /maven_LYW/loginServlet HTTP/1.1" 200 41 http-bio-8080-exec-9 3
0:0:0:0:0:0:0:1 - - [15/Sep/2019:09:38:48 +0800] "GET /maven_LYW HTTP/1.1" 302 - http-bio-8080-exec-1 0
0:0:0:0:0:0:0:1 - - [15/Sep/2019:09:38:53 +0800] "GET /maven_LYW/login.html HTTP/1.1" 304 - http-bio-8080-exec-2 20
0:0:0:0:0:0:0:1 - - [15/Sep/2019:09:38:54 +0800] "GET /maven_LYW/checkCode HTTP/1.1" 200 395 http-bio-8080-exec-8 403
0:0:0:0:0:0:0:1 - - [15/Sep/2019:09:39:06 +0800] "POST /maven_LYW/loginServlet HTTP/1.1" 200 67 http-bio-8080-exec-9 558
0:0:0:0:0:0:0:1 - - [15/Sep/2019:09:39:06 +0800] "GET /maven_LYW/checkCode?1568511546880 HTTP/1.1" 200 401 http-bio-8080-exec-10 7
0:0:0:0:0:0:0:1 - - [15/Sep/2019:09:39:20 +0800] "POST /maven_LYW/loginServlet HTTP/1.1" 200 41 http-bio-8080-exec-10 17
0:0:0:0:0:0:0:1 - - [15/Sep/2019:09:39:47 +0800] "GET /maven_LYW HTTP/1.1" 302 - http-bio-8080-exec-8 0
0:0:0:0:0:0:0:1 - - [15/Sep/2019:09:39:49 +0800] "GET /maven_LYW/register.html HTTP/1.1" 304 - http-bio-8080-exec-9 2
0:0:0:0:0:0:0:1 - - [15/Sep/2019:09:39:49 +0800] "GET /maven_LYW/checkCode HTTP/1.1" 200 381 http-bio-8080-exec-9 8
0:0:0:0:0:0:0:1 - - [15/Sep/2019:09:40:50 +0800] "POST /maven_LYW/zCServlet HTTP/1.1" 200 61 http-bio-8080-exec-4 2
0:0:0:0:0:0:0:1 - - [15/Sep/2019:09:40:50 +0800] "GET /maven_LYW/checkCode?1568511650501 HTTP/1.1" 200 362 http-bio-8080-exec-6 6
0:0:0:0:0:0:0:1 - - [15/Sep/2019:09:40:56 +0800] "POST /maven_LYW/zCServlet HTTP/1.1" 200 41 http-bio-8080-exec-6 1243
192.168.30.1 - - [15/Sep/2019:09:41:01 +0800] "GET /maven_LYW/login.html HTTP/1.1" 200 3323 http-bio-8080-exec-7 2
0:0:0:0:0:0:0:1 - - [15/Sep/2019:09:41:01 +0800] "GET /maven_LYW/checkCode HTTP/1.1" 200 399 http-bio-8080-exec-6 6
192.168.30.1 - - [15/Sep/2019:09:41:12 +0800] "POST /maven_LYW/loginServlet HTTP/1.1" 200 61 http-bio-8080-exec-7 2
0:0:0:0:0:0:0:1 - - [15/Sep/2019:09:41:12 +0800] "GET /maven_LYW/checkCode?1568511672868 HTTP/1.1" 200 364 http-bio-8080-exec-6 6
192.168.30.1 - - [15/Sep/2019:09:41:18 +0800] "POST /maven_LYW/loginServlet HTTP/1.1" 200 61 http-bio-8080-exec-7 2
0:0:0:0:0:0:0:1 - - [15/Sep/2019:09:41:18 +0800] "GET /maven_LYW/checkCode?1568511678989 HTTP/1.1" 200 385 http-bio-8080-exec-6 5
192.168.30.1 - - [15/Sep/2019:09:41:25 +0800] "POST /maven_LYW/loginServlet HTTP/1.1" 200 61 http-bio-8080-exec-7 2
0:0:0:0:0:0:0:1 - - [15/Sep/2019:09:41:25 +0800] "GET /maven_LYW/checkCode?1568511685652 HTTP/1.1" 200 401 http-bio-8080-exec-6 5
192.168.30.1 - - [15/Sep/2019:09:41:37 +0800] "POST /maven_LYW/loginServlet HTTP/1.1" 200 61 http-bio-8080-exec-7 2
0:0:0:0:0:0:0:1 - - [15/Sep/2019:09:41:37 +0800] "GET /maven_LYW/checkCode?1568511697924 HTTP/1.1" 200 395 http-bio-8080-exec-6 5
192.168.30.1 - - [15/Sep/2019:09:41:45 +0800] "POST /maven_LYW/loginServlet HTTP/1.1" 200 61 http-bio-8080-exec-7 2
0:0:0:0:0:0:0:1 - - [15/Sep/2019:09:41:45 +0800] "GET /maven_LYW/checkCode?1568511705649 HTTP/1.1" 200 419 http-bio-8080-exec-6 5
192.168.30.1 - - [15/Sep/2019:09:41:50 +0800] "POST /maven_LYW/loginServlet HTTP/1.1" 200 61 http-bio-8080-exec-7 2
0:0:0:0:0:0:0:1 - - [15/Sep/2019:09:41:50 +0800] "GET /maven_LYW/checkCode?1568511710818 HTTP/1.1" 200 376 http-bio-8080-exec-6 4
192.168.30.1 - - [15/Sep/2019:09:41:54 +0800] "GET /maven_LYW/login.html HTTP/1.1" 304 - http-bio-8080-exec-7 1
192.168.30.1 - - [15/Sep/2019:09:41:54 +0800] "GET /maven_LYW/js/jquery-1.11.0.min.js HTTP/1.1" 304 - http-bio-8080-exec-7 4
192.168.30.1 - - [15/Sep/2019:09:41:54 +0800] "GET /maven_LYW/js/include.js HTTP/1.1" 304 - http-bio-8080-exec-2 3
192.168.30.1 - - [15/Sep/2019:09:41:54 +0800] "GET /maven_LYW/css/login.css HTTP/1.1" 304 - http-bio-8080-exec-1 6
192.168.30.1 - - [15/Sep/2019:09:41:54 +0800] "GET /maven_LYW/images/login_logo.png HTTP/1.1" 304 - http-bio-8080-exec-7 4
192.168.30.1 - - [15/Sep/2019:09:41:54 +0800] "GET /maven_LYW/js/jquery-3.3.1.js HTTP/1.1" 304 - http-bio-8080-exec-8 6
192.168.30.1 - - [15/Sep/2019:09:41:54 +0800] "GET /maven_LYW/css/common.css HTTP/1.1" 304 - http-bio-8080-exec-10 6
192.168.30.1 - - [15/Sep/2019:09:41:54 +0800] "GET /maven_LYW/js/bootstrap.min.js HTTP/1.1" 304 - http-bio-8080-exec-9 3
0:0:0:0:0:0:0:1 - - [15/Sep/2019:09:41:54 +0800] "GET /maven_LYW/checkCode HTTP/1.1" 200 361 http-bio-8080-exec-6 22
192.168.30.1 - - [15/Sep/2019:09:41:54 +0800] "GET /maven_LYW/images/login_bg.png HTTP/1.1" 304 - http-bio-8080-exec-9 2
192.168.30.1 - - [15/Sep/2019:09:41:54 +0800] "GET /maven_LYW/header.html HTTP/1.1" 304 - http-bio-8080-exec-9 3
192.168.30.1 - - [15/Sep/2019:09:41:54 +0800] "GET /maven_LYW/footer.html HTTP/1.1" 304 - http-bio-8080-exec-10 1
192.168.30.1 - - [15/Sep/2019:09:41:54 +0800] "GET /maven_LYW/images/hot_tel.jpg HTTP/1.1" 304 - http-bio-8080-exec-3 1
192.168.30.1 - - [15/Sep/2019:09:41:54 +0800] "GET /maven_LYW/images/top_banner.jpg HTTP/1.1" 304 - http-bio-8080-exec-7 2
192.168.30.1 - - [15/Sep/2019:09:41:54 +0800] "GET /maven_LYW/images/0.jpg HTTP/1.1" 304 - http-bio-8080-exec-4 2
192.168.30.1 - - [15/Sep/2019:09:41:54 +0800] "GET /maven_LYW/images/icon_3.jpg HTTP/1.1" 304 - http-bio-8080-exec-7 1
192.168.30.1 - - [15/Sep/2019:09:41:54 +0800] "GET /maven_LYW/images/icon_2.jpg HTTP/1.1" 304 - http-bio-8080-exec-3 1
192.168.30.1 - - [15/Sep/2019:09:41:54 +0800] "GET /maven_LYW/images/icon_1.jpg HTTP/1.1" 304 - http-bio-8080-exec-1 1
192.168.30.1 - - [15/Sep/2019:09:41:54 +0800] "GET /maven_LYW/images/icon_4.jpg HTTP/1.1" 304 - http-bio-8080-exec-4 2
192.168.30.1 - - [15/Sep/2019:09:42:05 +0800] "POST /maven_LYW/loginServlet HTTP/1.1" 200 61 http-bio-8080-exec-10 1
0:0:0:0:0:0:0:1 - - [15/Sep/2019:09:42:05 +0800] "GET /maven_LYW/checkCode?1568511725057 HTTP/1.1" 200 387 http-bio-8080-exec-6 5
0:0:0:0:0:0:0:1 - - [15/Sep/2019:09:44:10 +0800] "GET /maven_LYW HTTP/1.1" 302 - http-bio-8080-exec-1 0
0:0:0:0:0:0:0:1 - - [15/Sep/2019:09:44:12 +0800] "GET /maven_LYW/checkCode HTTP/1.1" 200 350 http-bio-8080-exec-2 390
0:0:0:0:0:0:0:1 - - [15/Sep/2019:09:44:31 +0800] "GET /maven_LYW/login.html HTTP/1.1" 304 - http-bio-8080-exec-3 8
0:0:0:0:0:0:0:1 - - [15/Sep/2019:09:44:31 +0800] "GET /maven_LYW/checkCode HTTP/1.1" 200 391 http-bio-8080-exec-9 10
0:0:0:0:0:0:0:1 - - [15/Sep/2019:09:44:40 +0800] "POST /maven_LYW/loginServlet HTTP/1.1" 200 61 http-bio-8080-exec-10 140
0:0:0:0:0:0:0:1 - - [15/Sep/2019:09:44:40 +0800] "GET /maven_LYW/checkCode?1568511880989 HTTP/1.1" 200 384 http-bio-8080-exec-10 6
0:0:0:0:0:0:0:1 - - [15/Sep/2019:09:44:45 +0800] "POST /maven_LYW/loginServlet HTTP/1.1" 200 79 http-bio-8080-exec-10 370
0:0:0:0:0:0:0:1 - - [15/Sep/2019:09:44:45 +0800] "GET /maven_LYW/checkCode?1568511885208 HTTP/1.1" 200 384 http-bio-8080-exec-10 6
192.168.30.1 - - [15/Sep/2019:09:45:05 +0800] "GET /maven_LYW/jiHuoServlet?code=ef268b6a753e4cd8856370ffeb6f7571 HTTP/1.1" 200 81 http-bio-8080-exec-1 9
192.168.30.1 - - [15/Sep/2019:09:45:07 +0800] "GET /maven_LYW/login.html HTTP/1.1" 304 - http-bio-8080-exec-1 2
0:0:0:0:0:0:0:1 - - [15/Sep/2019:09:45:07 +0800] "GET /maven_LYW/checkCode HTTP/1.1" 200 397 http-bio-8080-exec-3 8
0:0:0:0:0:0:0:1 - - [15/Sep/2019:09:45:15 +0800] "POST /maven_LYW/loginServlet HTTP/1.1" 200 61 http-bio-8080-exec-10 2
0:0:0:0:0:0:0:1 - - [15/Sep/2019:09:45:15 +0800] "GET /maven_LYW/checkCode?1568511915767 HTTP/1.1" 200 386 http-bio-8080-exec-10 5
0:0:0:0:0:0:0:1 - - [15/Sep/2019:09:45:21 +0800] "POST /maven_LYW/loginServlet HTTP/1.1" 200 41 http-bio-8080-exec-10 3
192.168.30.1 - - [15/Sep/2019:09:46:04 +0800] "POST /maven_LYW/loginServlet HTTP/1.1" 200 61 http-bio-8080-exec-1 2
0:0:0:0:0:0:0:1 - - [15/Sep/2019:09:46:04 +0800] "GET /maven_LYW/checkCode?1568511964129 HTTP/1.1" 200 391 http-bio-8080-exec-3 5
192.168.30.1 - - [15/Sep/2019:09:46:07 +0800] "POST /maven_LYW/loginServlet HTTP/1.1" 200 61 http-bio-8080-exec-1 2
0:0:0:0:0:0:0:1 - - [15/Sep/2019:09:46:07 +0800] "GET /maven_LYW/checkCode?1568511967867 HTTP/1.1" 200 390 http-bio-8080-exec-3 5
192.168.30.1 - - [15/Sep/2019:09:46:17 +0800] "POST /maven_LYW/loginServlet HTTP/1.1" 200 61 http-bio-8080-exec-4 2
0:0:0:0:0:0:0:1 - - [15/Sep/2019:09:46:17 +0800] "GET /maven_LYW/checkCode?1568511977216 HTTP/1.1" 200 387 http-bio-8080-exec-3 5
192.168.30.1 - - [15/Sep/2019:09:46:21 +0800] "POST /maven_LYW/loginServlet HTTP/1.1" 200 61 http-bio-8080-exec-4 2
0:0:0:0:0:0:0:1 - - [15/Sep/2019:09:46:21 +0800] "GET /maven_LYW/checkCode?1568511981343 HTTP/1.1" 200 391 http-bio-8080-exec-3 3
192.168.30.1 - - [15/Sep/2019:09:46:26 +0800] "GET /maven_LYW/css/common.css HTTP/1.1" 200 4811 http-bio-8080-exec-4 3
192.168.30.1 - - [15/Sep/2019:09:46:26 +0800] "GET /maven_LYW/css/login.css HTTP/1.1" 200 2099 http-bio-8080-exec-9 2
192.168.30.1 - - [15/Sep/2019:09:46:26 +0800] "GET /maven_LYW/css/common.css HTTP/1.1" 200 4811 http-bio-8080-exec-9 0
192.168.30.1 - - [15/Sep/2019:09:46:26 +0800] "GET /maven_LYW/css/login.css HTTP/1.1" 200 2099 http-bio-8080-exec-1 1
0:0:0:0:0:0:0:1 - - [15/Sep/2019:09:47:08 +0800] "GET /maven_LYW/checkCode?1568512028789 HTTP/1.1" 200 383 http-bio-8080-exec-3 4
192.168.30.1 - - [15/Sep/2019:09:47:17 +0800] "POST /maven_LYW/loginServlet HTTP/1.1" 200 61 http-bio-8080-exec-1 2
0:0:0:0:0:0:0:1 - - [15/Sep/2019:09:47:17 +0800] "GET /maven_LYW/checkCode?1568512037678 HTTP/1.1" 200 370 http-bio-8080-exec-3 5
0:0:0:0:0:0:0:1 - - [15/Sep/2019:09:51:40 +0800] "GET /maven_LYW HTTP/1.1" 302 - http-bio-8080-exec-1 0
0:0:0:0:0:0:0:1 - - [15/Sep/2019:09:51:45 +0800] "GET /maven_LYW/login.html HTTP/1.1" 304 - http-bio-8080-exec-2 12
0:0:0:0:0:0:0:1 - - [15/Sep/2019:09:51:45 +0800] "GET /maven_LYW/checkCode HTTP/1.1" 200 362 http-bio-8080-exec-3 419
0:0:0:0:0:0:0:1 - - [15/Sep/2019:09:51:53 +0800] "POST /maven_LYW/loginServlet HTTP/1.1" 200 61 http-bio-8080-exec-4 143
0:0:0:0:0:0:0:1 - - [15/Sep/2019:09:51:53 +0800] "GET /maven_LYW/checkCode?1568512313642 HTTP/1.1" 200 400 http-bio-8080-exec-5 7
0:0:0:0:0:0:0:1 - - [15/Sep/2019:09:51:57 +0800] "POST /maven_LYW/loginServlet HTTP/1.1" 200 41 http-bio-8080-exec-6 374
192.168.30.1 - - [15/Sep/2019:09:52:04 +0800] "GET /maven_LYW/register.html HTTP/1.1" 200 6913 http-bio-8080-exec-8 2
0:0:0:0:0:0:0:1 - - [15/Sep/2019:09:52:04 +0800] "GET /maven_LYW/checkCode HTTP/1.1" 200 366 http-bio-8080-exec-7 8
192.168.30.1 - - [15/Sep/2019:09:52:04 +0800] "GET /maven_LYW/images/register_bg.png HTTP/1.1" 200 1071395 http-bio-8080-exec-9 30
192.168.30.1 - - [15/Sep/2019:09:52:50 +0800] "POST /maven_LYW/zCServlet HTTP/1.1" 200 61 http-bio-8080-exec-9 3
0:0:0:0:0:0:0:1 - - [15/Sep/2019:09:52:50 +0800] "GET /maven_LYW/checkCode?1568512370707 HTTP/1.1" 200 399 http-bio-8080-exec-10 5
192.168.30.1 - - [15/Sep/2019:09:52:55 +0800] "POST /maven_LYW/zCServlet HTTP/1.1" 200 61 http-bio-8080-exec-9 1
0:0:0:0:0:0:0:1 - - [15/Sep/2019:09:52:55 +0800] "GET /maven_LYW/checkCode?1568512375312 HTTP/1.1" 200 377 http-bio-8080-exec-10 7
192.168.30.1 - - [15/Sep/2019:09:52:59 +0800] "POST /maven_LYW/zCServlet HTTP/1.1" 200 61 http-bio-8080-exec-9 2
0:0:0:0:0:0:0:1 - - [15/Sep/2019:09:52:59 +0800] "GET /maven_LYW/checkCode?1568512379882 HTTP/1.1" 200 341 http-bio-8080-exec-10 5
192.168.30.1 - - [15/Sep/2019:09:53:05 +0800] "POST /maven_LYW/zCServlet HTTP/1.1" 200 61 http-bio-8080-exec-9 2
0:0:0:0:0:0:0:1 - - [15/Sep/2019:09:53:05 +0800] "GET /maven_LYW/checkCode?1568512385816 HTTP/1.1" 200 411 http-bio-8080-exec-10 5
0:0:0:0:0:0:0:1 - - [15/Sep/2019:09:53:07 +0800] "GET /maven_LYW/checkCode?1568512387669 HTTP/1.1" 200 375 http-bio-8080-exec-10 4
192.168.30.1 - - [15/Sep/2019:09:53:10 +0800] "POST /maven_LYW/zCServlet HTTP/1.1" 200 61 http-bio-8080-exec-9 1
0:0:0:0:0:0:0:1 - - [15/Sep/2019:09:53:10 +0800] "GET /maven_LYW/checkCode?1568512390389 HTTP/1.1" 200 382 http-bio-8080-exec-10 5
192.168.30.1 - - [15/Sep/2019:09:53:13 +0800] "POST /maven_LYW/zCServlet HTTP/1.1" 200 61 http-bio-8080-exec-9 3
0:0:0:0:0:0:0:1 - - [15/Sep/2019:09:53:13 +0800] "GET /maven_LYW/checkCode?1568512393426 HTTP/1.1" 200 385 http-bio-8080-exec-10 4
0:0:0:0:0:0:0:1 - - [15/Sep/2019:10:13:02 +0800] "GET /maven_LYW HTTP/1.1" 302 - http-bio-8080-exec-1 0
0:0:0:0:0:0:0:1 - - [15/Sep/2019:10:13:06 +0800] "GET /maven_LYW/register.html HTTP/1.1" 304 - http-bio-8080-exec-2 12
0:0:0:0:0:0:0:1 - - [15/Sep/2019:10:13:06 +0800] "GET /maven_LYW/checkCode HTTP/1.1" 200 375 http-bio-8080-exec-3 485
0:0:0:0:0:0:0:1 - - [15/Sep/2019:10:13:33 +0800] "POST /maven_LYW/zCServlet HTTP/1.1" 200 61 http-bio-8080-exec-4 168
0:0:0:0:0:0:0:1 - - [15/Sep/2019:10:13:33 +0800] "GET /maven_LYW/checkCode?1568513613745 HTTP/1.1" 200 398 http-bio-8080-exec-5 8
0:0:0:0:0:0:0:1 - - [15/Sep/2019:10:13:41 +0800] "POST /maven_LYW/zCServlet HTTP/1.1" 200 61 http-bio-8080-exec-6 2
0:0:0:0:0:0:0:1 - - [15/Sep/2019:10:13:41 +0800] "GET /maven_LYW/checkCode?1568513621047 HTTP/1.1" 200 395 http-bio-8080-exec-7 6
0:0:0:0:0:0:0:1 - - [15/Sep/2019:10:13:49 +0800] "POST /maven_LYW/zCServlet HTTP/1.1" 200 41 http-bio-8080-exec-8 1918
192.168.30.1 - - [15/Sep/2019:10:14:54 +0800] "GET /maven_LYW/login.html HTTP/1.1" 304 - http-bio-8080-exec-10 3
0:0:0:0:0:0:0:1 - - [15/Sep/2019:10:14:54 +0800] "GET /maven_LYW/checkCode HTTP/1.1" 200 359 http-bio-8080-exec-1 6
192.168.30.1 - - [15/Sep/2019:10:15:04 +0800] "POST /maven_LYW/loginServlet HTTP/1.1" 200 61 http-bio-8080-exec-2 3
0:0:0:0:0:0:0:1 - - [15/Sep/2019:10:15:04 +0800] "GET /maven_LYW/checkCode?1568513704623 HTTP/1.1" 200 385 http-bio-8080-exec-1 9
192.168.30.1 - - [15/Sep/2019:10:15:10 +0800] "POST /maven_LYW/loginServlet HTTP/1.1" 200 61 http-bio-8080-exec-2 2
0:0:0:0:0:0:0:1 - - [15/Sep/2019:10:15:10 +0800] "GET /maven_LYW/checkCode?1568513710558 HTTP/1.1" 200 372 http-bio-8080-exec-1 4
192.168.30.1 - - [15/Sep/2019:10:15:16 +0800] "POST /maven_LYW/loginServlet HTTP/1.1" 200 61 http-bio-8080-exec-2 2
0:0:0:0:0:0:0:1 - - [15/Sep/2019:10:15:16 +0800] "GET /maven_LYW/checkCode?1568513716652 HTTP/1.1" 200 381 http-bio-8080-exec-1 5
0:0:0:0:0:0:0:1 - - [15/Sep/2019:10:15:49 +0800] "GET /maven_LYW HTTP/1.1" 302 - http-bio-8080-exec-1 0
0:0:0:0:0:0:0:1 - - [15/Sep/2019:10:15:53 +0800] "GET /maven_LYW/checkCode HTTP/1.1" 200 384 http-bio-8080-exec-2 387
0:0:0:0:0:0:0:1 - - [15/Sep/2019:10:16:40 +0800] "POST /maven_LYW/zCServlet HTTP/1.1" 200 61 http-bio-8080-exec-3 149
0:0:0:0:0:0:0:1 - - [15/Sep/2019:10:16:40 +0800] "GET /maven_LYW/checkCode?1568513800663 HTTP/1.1" 200 353 http-bio-8080-exec-4 6
0:0:0:0:0:0:0:1 - - [15/Sep/2019:10:16:44 +0800] "POST /maven_LYW/zCServlet HTTP/1.1" 200 61 http-bio-8080-exec-5 1
0:0:0:0:0:0:0:1 - - [15/Sep/2019:10:16:44 +0800] "GET /maven_LYW/checkCode?1568513804154 HTTP/1.1" 200 359 http-bio-8080-exec-6 6
0:0:0:0:0:0:0:1 - - [15/Sep/2019:10:16:50 +0800] "POST /maven_LYW/zCServlet HTTP/1.1" 200 61 http-bio-8080-exec-7 2
0:0:0:0:0:0:0:1 - - [15/Sep/2019:10:16:50 +0800] "GET /maven_LYW/checkCode?1568513810633 HTTP/1.1" 200 405 http-bio-8080-exec-8 5
0:0:0:0:0:0:0:1 - - [15/Sep/2019:10:17:01 +0800] "POST /maven_LYW/zCServlet HTTP/1.1" 200 58 http-bio-8080-exec-9 376
0:0:0:0:0:0:0:1 - - [15/Sep/2019:10:17:01 +0800] "GET /maven_LYW/checkCode?1568513821813 HTTP/1.1" 200 395 http-bio-8080-exec-10 5
0:0:0:0:0:0:0:1 - - [15/Sep/2019:10:17:12 +0800] "POST /maven_LYW/zCServlet HTTP/1.1" 200 41 http-bio-8080-exec-1 1299
0:0:0:0:0:0:0:1 - - [15/Sep/2019:10:17:23 +0800] "GET /maven_LYW/checkCode HTTP/1.1" 200 392 http-bio-8080-exec-1 8
192.168.30.1 - - [15/Sep/2019:10:17:30 +0800] "POST /maven_LYW/loginServlet HTTP/1.1" 200 61 http-bio-8080-exec-3 2
0:0:0:0:0:0:0:1 - - [15/Sep/2019:10:17:30 +0800] "GET /maven_LYW/checkCode?1568513850029 HTTP/1.1" 200 380 http-bio-8080-exec-1 5
192.168.30.1 - - [15/Sep/2019:10:17:40 +0800] "POST /maven_LYW/loginServlet HTTP/1.1" 200 61 http-bio-8080-exec-3 1
0:0:0:0:0:0:0:1 - - [15/Sep/2019:10:17:40 +0800] "GET /maven_LYW/checkCode?1568513860158 HTTP/1.1" 200 376 http-bio-8080-exec-1 5
0:0:0:0:0:0:0:1 - - [15/Sep/2019:10:19:13 +0800] "GET /maven_LYW HTTP/1.1" 302 - http-bio-8080-exec-1 0
0:0:0:0:0:0:0:1 - - [15/Sep/2019:10:19:16 +0800] "GET /maven_LYW/checkCode HTTP/1.1" 200 394 http-bio-8080-exec-2 454
0:0:0:0:0:0:0:1 - - [15/Sep/2019:10:19:43 +0800] "POST /maven_LYW/zCServlet HTTP/1.1" 200 61 http-bio-8080-exec-3 150
0:0:0:0:0:0:0:1 - - [15/Sep/2019:10:19:43 +0800] "GET /maven_LYW/checkCode?1568513983135 HTTP/1.1" 200 395 http-bio-8080-exec-4 7
0:0:0:0:0:0:0:1 - - [15/Sep/2019:10:19:50 +0800] "POST /maven_LYW/zCServlet HTTP/1.1" 200 41 http-bio-8080-exec-5 1460
192.168.30.1 - - [15/Sep/2019:10:19:54 +0800] "GET /maven_LYW/register.html HTTP/1.1" 304 - http-bio-8080-exec-7 4
0:0:0:0:0:0:0:1 - - [15/Sep/2019:10:19:54 +0800] "GET /maven_LYW/checkCode HTTP/1.1" 200 375 http-bio-8080-exec-6 8
192.168.30.1 - - [15/Sep/2019:10:19:55 +0800] "GET /maven_LYW/login.html HTTP/1.1" 304 - http-bio-8080-exec-8 2
0:0:0:0:0:0:0:1 - - [15/Sep/2019:10:19:55 +0800] "GET /maven_LYW/checkCode HTTP/1.1" 200 392 http-bio-8080-exec-9 8
192.168.30.1 - - [15/Sep/2019:10:20:12 +0800] "POST /maven_LYW/loginServlet HTTP/1.1" 200 61 http-bio-8080-exec-10 2
0:0:0:0:0:0:0:1 - - [15/Sep/2019:10:20:12 +0800] "GET /maven_LYW/checkCode?1568514012085 HTTP/1.1" 200 384 http-bio-8080-exec-9 5
0:0:0:0:0:0:0:1 - - [15/Sep/2019:10:20:42 +0800] "GET /maven_LYW HTTP/1.1" 302 - http-bio-8080-exec-1 0
0:0:0:0:0:0:0:1 - - [15/Sep/2019:10:20:45 +0800] "GET /maven_LYW/login.html HTTP/1.1" 304 - http-bio-8080-exec-2 15
0:0:0:0:0:0:0:1 - - [15/Sep/2019:10:20:45 +0800] "GET /maven_LYW/checkCode HTTP/1.1" 200 357 http-bio-8080-exec-3 511
0:0:0:0:0:0:0:1 - - [15/Sep/2019:10:20:49 +0800] "POST /maven_LYW/loginServlet HTTP/1.1" 200 61 http-bio-8080-exec-4 148
0:0:0:0:0:0:0:1 - - [15/Sep/2019:10:20:49 +0800] "GET /maven_LYW/checkCode?1568514049787 HTTP/1.1" 200 386 http-bio-8080-exec-5 8
0:0:0:0:0:0:0:1 - - [15/Sep/2019:10:20:53 +0800] "GET /maven_LYW/checkCode HTTP/1.1" 200 392 http-bio-8080-exec-6 10
0:0:0:0:0:0:0:1 - - [15/Sep/2019:10:21:27 +0800] "POST /maven_LYW/zCServlet HTTP/1.1" 200 41 http-bio-8080-exec-7 1602
0:0:0:0:0:0:0:1 - - [15/Sep/2019:10:21:30 +0800] "GET /maven_LYW/checkCode HTTP/1.1" 200 371 http-bio-8080-exec-8 9
192.168.30.1 - - [15/Sep/2019:10:21:34 +0800] "POST /maven_LYW/loginServlet HTTP/1.1" 200 61 http-bio-8080-exec-9 2
0:0:0:0:0:0:0:1 - - [15/Sep/2019:10:21:34 +0800] "GET /maven_LYW/checkCode?1568514094080 HTTP/1.1" 200 393 http-bio-8080-exec-10 5
192.168.30.1 - - [15/Sep/2019:10:21:49 +0800] "POST /maven_LYW/loginServlet HTTP/1.1" 200 61 http-bio-8080-exec-9 0
0:0:0:0:0:0:0:1 - - [15/Sep/2019:10:21:49 +0800] "GET /maven_LYW/checkCode?1568514109324 HTTP/1.1" 200 386 http-bio-8080-exec-10 5
0:0:0:0:0:0:0:1 - - [15/Sep/2019:10:25:19 +0800] "GET /maven_LYW HTTP/1.1" 302 - http-bio-8080-exec-1 0
0:0:0:0:0:0:0:1 - - [15/Sep/2019:10:25:22 +0800] "GET /maven_LYW/register.html HTTP/1.1" 304 - http-bio-8080-exec-2 12
0:0:0:0:0:0:0:1 - - [15/Sep/2019:10:25:22 +0800] "GET /maven_LYW/checkCode HTTP/1.1" 200 352 http-bio-8080-exec-3 390
0:0:0:0:0:0:0:1 - - [15/Sep/2019:10:25:46 +0800] "POST /maven_LYW/zCServlet HTTP/1.1" 200 61 http-bio-8080-exec-4 143
0:0:0:0:0:0:0:1 - - [15/Sep/2019:10:25:46 +0800] "GET /maven_LYW/checkCode?1568514346029 HTTP/1.1" 200 388 http-bio-8080-exec-5 6
0:0:0:0:0:0:0:1 - - [15/Sep/2019:10:25:54 +0800] "POST /maven_LYW/zCServlet HTTP/1.1" 200 41 http-bio-8080-exec-6 1604
192.168.30.1 - - [15/Sep/2019:10:26:00 +0800] "GET /maven_LYW/login.html HTTP/1.1" 304 - http-bio-8080-exec-8 3
0:0:0:0:0:0:0:1 - - [15/Sep/2019:10:26:00 +0800] "GET /maven_LYW/checkCode HTTP/1.1" 200 398 http-bio-8080-exec-7 8
192.168.30.1 - - [15/Sep/2019:10:26:02 +0800] "POST /maven_LYW/loginServlet HTTP/1.1" 200 61 http-bio-8080-exec-9 3
0:0:0:0:0:0:0:1 - - [15/Sep/2019:10:26:02 +0800] "GET /maven_LYW/checkCode?1568514362263 HTTP/1.1" 200 371 http-bio-8080-exec-10 7
0:0:0:0:0:0:0:1 - - [15/Sep/2019:10:28:16 +0800] "GET /maven_LYW HTTP/1.1" 302 - http-bio-8080-exec-1 0
0:0:0:0:0:0:0:1 - - [15/Sep/2019:10:28:18 +0800] "GET /maven_LYW/login.html HTTP/1.1" 304 - http-bio-8080-exec-2 17
0:0:0:0:0:0:0:1 - - [15/Sep/2019:10:28:18 +0800] "GET /maven_LYW/checkCode HTTP/1.1" 200 384 http-bio-8080-exec-3 383
0:0:0:0:0:0:0:1 - - [15/Sep/2019:10:28:19 +0800] "POST /maven_LYW/loginServlet HTTP/1.1" 200 61 http-bio-8080-exec-4 168
0:0:0:0:0:0:0:1 - - [15/Sep/2019:10:28:19 +0800] "GET /maven_LYW/checkCode?1568514499933 HTTP/1.1" 200 392 http-bio-8080-exec-5 11
0:0:0:0:0:0:0:1 - - [15/Sep/2019:10:28:22 +0800] "POST /maven_LYW/loginServlet HTTP/1.1" 200 61 http-bio-8080-exec-6 1
0:0:0:0:0:0:0:1 - - [15/Sep/2019:10:28:22 +0800] "GET /maven_LYW/checkCode?1568514502972 HTTP/1.1" 200 368 http-bio-8080-exec-7 6
0:0:0:0:0:0:0:1 - - [15/Sep/2019:10:28:27 +0800] "GET /maven_LYW/checkCode HTTP/1.1" 200 389 http-bio-8080-exec-8 9
0:0:0:0:0:0:0:1 - - [15/Sep/2019:10:29:05 +0800] "POST /maven_LYW/zCServlet HTTP/1.1" 200 61 http-bio-8080-exec-9 2
0:0:0:0:0:0:0:1 - - [15/Sep/2019:10:29:05 +0800] "GET /maven_LYW/checkCode?1568514545328 HTTP/1.1" 200 406 http-bio-8080-exec-10 6
0:0:0:0:0:0:0:1 - - [15/Sep/2019:10:29:15 +0800] "POST /maven_LYW/zCServlet HTTP/1.1" 200 41 http-bio-8080-exec-10 1576
0:0:0:0:0:0:0:1 - - [15/Sep/2019:10:29:19 +0800] "GET /maven_LYW/checkCode HTTP/1.1" 200 412 http-bio-8080-exec-10 9
192.168.30.1 - - [15/Sep/2019:10:29:20 +0800] "POST /maven_LYW/loginServlet HTTP/1.1" 200 61 http-bio-8080-exec-3 2
0:0:0:0:0:0:0:1 - - [15/Sep/2019:10:29:20 +0800] "GET /maven_LYW/checkCode?1568514560382 HTTP/1.1" 200 387 http-bio-8080-exec-10 5
192.168.30.1 - - [15/Sep/2019:10:29:43 +0800] "POST /maven_LYW/loginServlet HTTP/1.1" 200 61 http-bio-8080-exec-3 1
0:0:0:0:0:0:0:1 - - [15/Sep/2019:10:29:43 +0800] "GET /maven_LYW/checkCode?1568514583565 HTTP/1.1" 200 371 http-bio-8080-exec-10 5
192.168.30.1 - - [15/Sep/2019:10:29:47 +0800] "POST /maven_LYW/loginServlet HTTP/1.1" 200 61 http-bio-8080-exec-3 2
0:0:0:0:0:0:0:1 - - [15/Sep/2019:10:29:47 +0800] "GET /maven_LYW/checkCode?1568514587975 HTTP/1.1" 200 369 http-bio-8080-exec-10 9
192.168.30.1 - - [15/Sep/2019:10:30:43 +0800] "GET /maven_LYW/jiHuoServlet?code=823a9deaba5c47b4be96ee6e84a50c85 HTTP/1.1" 200 81 http-bio-8080-exec-2 25
0:0:0:0:0:0:0:1 - - [15/Sep/2019:10:30:44 +0800] "GET /maven_LYW/checkCode HTTP/1.1" 200 401 http-bio-8080-exec-5 10
192.168.30.1 - - [15/Sep/2019:10:30:45 +0800] "POST /maven_LYW/loginServlet HTTP/1.1" 200 61 http-bio-8080-exec-2 1
0:0:0:0:0:0:0:1 - - [15/Sep/2019:10:30:45 +0800] "GET /maven_LYW/checkCode?1568514645732 HTTP/1.1" 200 376 http-bio-8080-exec-5 4
0:0:0:0:0:0:0:1 - - [15/Sep/2019:10:31:47 +0800] "GET /maven_LYW HTTP/1.1" 302 - http-bio-8080-exec-9 0
0:0:0:0:0:0:0:1 - - [15/Sep/2019:10:31:49 +0800] "GET /maven_LYW/checkCode HTTP/1.1" 200 381 http-bio-8080-exec-9 7
0:0:0:0:0:0:0:1 - - [15/Sep/2019:10:31:50 +0800] "POST /maven_LYW/loginServlet HTTP/1.1" 200 61 http-bio-8080-exec-9 1
0:0:0:0:0:0:0:1 - - [15/Sep/2019:10:31:50 +0800] "GET /maven_LYW/checkCode?1568514710478 HTTP/1.1" 200 382 http-bio-8080-exec-9 7
0:0:0:0:0:0:0:1 - - [15/Sep/2019:10:31:55 +0800] "GET /maven_LYW/checkCode HTTP/1.1" 200 388 http-bio-8080-exec-9 5
0:0:0:0:0:0:0:1 - - [15/Sep/2019:10:32:16 +0800] "POST /maven_LYW/zCServlet HTTP/1.1" 200 61 http-bio-8080-exec-9 2
0:0:0:0:0:0:0:1 - - [15/Sep/2019:10:32:16 +0800] "GET /maven_LYW/checkCode?1568514736569 HTTP/1.1" 200 390 http-bio-8080-exec-9 4
0:0:0:0:0:0:0:1 - - [15/Sep/2019:10:32:19 +0800] "POST /maven_LYW/zCServlet HTTP/1.1" 200 61 http-bio-8080-exec-9 2
0:0:0:0:0:0:0:1 - - [15/Sep/2019:10:32:19 +0800] "GET /maven_LYW/checkCode?1568514739735 HTTP/1.1" 200 382 http-bio-8080-exec-2 5
0:0:0:0:0:0:0:1 - - [15/Sep/2019:10:44:41 +0800] "GET /maven_LYW HTTP/1.1" 302 - http-bio-8080-exec-1 0
0:0:0:0:0:0:0:1 - - [15/Sep/2019:10:44:43 +0800] "GET /maven_LYW/register.html HTTP/1.1" 304 - http-bio-8080-exec-2 10
0:0:0:0:0:0:0:1 - - [15/Sep/2019:10:44:43 +0800] "GET /maven_LYW/checkCode HTTP/1.1" 200 391 http-bio-8080-exec-3 513
0:0:0:0:0:0:0:1 - - [15/Sep/2019:10:45:09 +0800] "POST /maven_LYW/zCServlet HTTP/1.1" 200 61 http-bio-8080-exec-4 156
0:0:0:0:0:0:0:1 - - [15/Sep/2019:10:45:09 +0800] "GET /maven_LYW/checkCode?1568515509004 HTTP/1.1" 200 385 http-bio-8080-exec-5 7
0:0:0:0:0:0:0:1 - - [15/Sep/2019:10:45:12 +0800] "POST /maven_LYW/zCServlet HTTP/1.1" 200 61 http-bio-8080-exec-6 2
0:0:0:0:0:0:0:1 - - [15/Sep/2019:10:45:12 +0800] "GET /maven_LYW/checkCode?1568515512584 HTTP/1.1" 200 388 http-bio-8080-exec-7 5
0:0:0:0:0:0:0:1 - - [15/Sep/2019:10:45:19 +0800] "POST /maven_LYW/zCServlet HTTP/1.1" 200 41 http-bio-8080-exec-8 1542
192.168.30.1 - - [15/Sep/2019:10:45:29 +0800] "GET /maven_LYW/jiHuoServlet?code=43d14fc1643043bdbe044be2abb64fd6 HTTP/1.1" 200 81 http-bio-8080-exec-10 22
192.168.30.1 - - [15/Sep/2019:10:45:30 +0800] "GET /maven_LYW/login.html HTTP/1.1" 304 - http-bio-8080-exec-10 1
0:0:0:0:0:0:0:1 - - [15/Sep/2019:10:45:30 +0800] "GET /maven_LYW/checkCode HTTP/1.1" 200 391 http-bio-8080-exec-2 9
192.168.30.1 - - [15/Sep/2019:10:45:42 +0800] "POST /maven_LYW/loginServlet HTTP/1.1" 200 61 http-bio-8080-exec-10 2
0:0:0:0:0:0:0:1 - - [15/Sep/2019:10:45:42 +0800] "GET /maven_LYW/checkCode?1568515542328 HTTP/1.1" 200 367 http-bio-8080-exec-2 5
192.168.30.1 - - [15/Sep/2019:10:45:47 +0800] "POST /maven_LYW/loginServlet HTTP/1.1" 200 61 http-bio-8080-exec-10 1
0:0:0:0:0:0:0:1 - - [15/Sep/2019:10:45:47 +0800] "GET /maven_LYW/checkCode?1568515547905 HTTP/1.1" 200 375 http-bio-8080-exec-2 5
0:0:0:0:0:0:0:1 - - [15/Sep/2019:10:46:55 +0800] "GET /maven_LYW HTTP/1.1" 302 - http-bio-8080-exec-1 0
0:0:0:0:0:0:0:1 - - [15/Sep/2019:10:46:58 +0800] "GET /maven_LYW/checkCode HTTP/1.1" 200 376 http-bio-8080-exec-2 443
0:0:0:0:0:0:0:1 - - [15/Sep/2019:10:47:01 +0800] "GET /maven_LYW/login.html HTTP/1.1" 304 - http-bio-8080-exec-3 5
0:0:0:0:0:0:0:1 - - [15/Sep/2019:10:47:01 +0800] "GET /maven_LYW/checkCode HTTP/1.1" 200 385 http-bio-8080-exec-4 11
0:0:0:0:0:0:0:1 - - [15/Sep/2019:10:47:02 +0800] "POST /maven_LYW/loginServlet HTTP/1.1" 200 61 http-bio-8080-exec-5 145
0:0:0:0:0:0:0:1 - - [15/Sep/2019:10:47:02 +0800] "GET /maven_LYW/checkCode?1568515622759 HTTP/1.1" 200 386 http-bio-8080-exec-6 6
0:0:0:0:0:0:0:1 - - [15/Sep/2019:10:47:06 +0800] "GET /maven_LYW/checkCode HTTP/1.1" 200 380 http-bio-8080-exec-7 7
0:0:0:0:0:0:0:1 - - [15/Sep/2019:10:47:26 +0800] "POST /maven_LYW/zCServlet HTTP/1.1" 200 61 http-bio-8080-exec-8 3
0:0:0:0:0:0:0:1 - - [15/Sep/2019:10:47:26 +0800] "GET /maven_LYW/checkCode?1568515646568 HTTP/1.1" 200 374 http-bio-8080-exec-9 5
0:0:0:0:0:0:0:1 - - [15/Sep/2019:10:47:32 +0800] "POST /maven_LYW/zCServlet HTTP/1.1" 200 41 http-bio-8080-exec-10 1601
0:0:0:0:0:0:0:1 - - [15/Sep/2019:10:47:35 +0800] "GET /maven_LYW/checkCode HTTP/1.1" 200 378 http-bio-8080-exec-10 7
192.168.30.1 - - [15/Sep/2019:10:47:37 +0800] "POST /maven_LYW/loginServlet HTTP/1.1" 200 61 http-bio-8080-exec-2 1
0:0:0:0:0:0:0:1 - - [15/Sep/2019:10:47:37 +0800] "GET /maven_LYW/checkCode?1568515657540 HTTP/1.1" 200 334 http-bio-8080-exec-10 6
192.168.30.1 - - [15/Sep/2019:10:47:59 +0800] "GET /maven_LYW/register.html HTTP/1.1" 304 - http-bio-8080-exec-2 1
0:0:0:0:0:0:0:1 - - [15/Sep/2019:10:47:59 +0800] "GET /maven_LYW/checkCode HTTP/1.1" 200 386 http-bio-8080-exec-10 8
0:0:0:0:0:0:0:1 - - [15/Sep/2019:10:48:03 +0800] "GET /maven_LYW/checkCode HTTP/1.1" 200 392 http-bio-8080-exec-10 8
192.168.30.1 - - [15/Sep/2019:10:48:04 +0800] "POST /maven_LYW/loginServlet HTTP/1.1" 200 61 http-bio-8080-exec-2 1
0:0:0:0:0:0:0:1 - - [15/Sep/2019:10:48:04 +0800] "GET /maven_LYW/checkCode?1568515684600 HTTP/1.1" 200 374 http-bio-8080-exec-8 6
192.168.30.1 - - [15/Sep/2019:10:48:13 +0800] "GET /maven_LYW/css/common.css HTTP/1.1" 200 4811 http-bio-8080-exec-2 5
192.168.30.1 - - [15/Sep/2019:10:48:13 +0800] "GET /maven_LYW/css/login.css HTTP/1.1" 200 2099 http-bio-8080-exec-5 3
192.168.30.1 - - [15/Sep/2019:10:48:13 +0800] "GET /maven_LYW/css/common.css HTTP/1.1" 200 4811 http-bio-8080-exec-3 3
192.168.30.1 - - [15/Sep/2019:10:48:13 +0800] "GET /maven_LYW/css/login.css HTTP/1.1" 200 2099 http-bio-8080-exec-4 3
0:0:0:0:0:0:0:1 - - [15/Sep/2019:10:48:29 +0800] "GET /maven_LYW HTTP/1.1" 302 - http-bio-8080-exec-1 0
0:0:0:0:0:0:0:1 - - [15/Sep/2019:10:48:29 +0800] "GET /maven_LYW/ HTTP/1.1" 304 - http-bio-8080-exec-1 2
0:0:0:0:0:0:0:1 - - [15/Sep/2019:10:48:30 +0800] "GET /maven_LYW/header.html HTTP/1.1" 304 - http-bio-8080-exec-1 2
0:0:0:0:0:0:0:1 - - [15/Sep/2019:10:48:30 +0800] "GET /maven_LYW/footer.html HTTP/1.1" 304 - http-bio-8080-exec-3 2
0:0:0:0:0:0:0:1 - - [15/Sep/2019:10:48:30 +0800] "GET /maven_LYW/images/0.jpg HTTP/1.1" 304 - http-bio-8080-exec-3 2
0:0:0:0:0:0:0:1 - - [15/Sep/2019:10:48:30 +0800] "GET /favicon.ico HTTP/1.1" 404 - http-bio-8080-exec-3 0
0:0:0:0:0:0:0:1 - - [15/Sep/2019:10:48:32 +0800] "GET /maven_LYW/login.html HTTP/1.1" 200 3323 http-bio-8080-exec-3 1
0:0:0:0:0:0:0:1 - - [15/Sep/2019:10:48:32 +0800] "GET /maven_LYW/checkCode HTTP/1.1" 200 395 http-bio-8080-exec-3 6
0:0:0:0:0:0:0:1 - - [15/Sep/2019:10:48:34 +0800] "POST /maven_LYW/loginServlet HTTP/1.1" 200 61 http-bio-8080-exec-3 2
